.next/types/validator.ts(108,31): error TS2344: Type 'typeof import("C:/Users/Youcode/Documents/ProShop/frontend/src/app/api/orders/buy/[productId]/route")' does not satisfy the constraint 'RouteHandlerConfig<"/api/orders/buy/[productId]">'.
  Types of property 'POST' are incompatible.
    Type '(req: NextRequest, { params }: { params: { productId: string; }; }) => Promise<NextResponse<any>>' is not assignable to type '(request: NextRequest, context: { params: Promise<{ productId: string; }>; }) => void | Response | Promise<void | Response>'.
      Types of parameters '__1' and 'context' are incompatible.
        Type '{ params: Promise<{ productId: string; }>; }' is not assignable to type '{ params: { productId: string; }; }'.
          Types of property 'params' are incompatible.
            Property 'productId' is missing in type 'Promise<{ productId: string; }>' but required in type '{ productId: string; }'.
.next/types/validator.ts(117,31): error TS2344: Type 'typeof import("C:/Users/Youcode/Documents/ProShop/frontend/src/app/api/orders/download/[productId]/route")' does not satisfy the constraint 'RouteHandlerConfig<"/api/orders/download/[productId]">'.
  Types of property 'GET' are incompatible.
    Type '(req: NextRequest, { params }: { params: { productId: string; }; }) => Promise<NextResponse<unknown>>' is not assignable to type '(request: NextRequest, context: { params: Promise<{ productId: string; }>; }) => void | Response | Promise<void | Response>'.
      Types of parameters '__1' and 'context' are incompatible.
        Type '{ params: Promise<{ productId: string; }>; }' is not assignable to type '{ params: { productId: string; }; }'.
          Types of property 'params' are incompatible.
            Property 'productId' is missing in type 'Promise<{ productId: string; }>' but required in type '{ productId: string; }'.
src/app/api/auth/[...auth0]/route.ts(1,10): error TS2305: Module '"@auth0/nextjs-auth0"' has no exported member 'handleAuth'.
src/app/api/orders/buy/[productId]/route.ts(7,42): error TS2339: Property 'accessToken' does not exist on type 'string'.
src/app/api/orders/download/[productId]/route.ts(7,42): error TS2339: Property 'accessToken' does not exist on type 'string'.
src/app/api/products/route.ts(9,42): error TS2339: Property 'accessToken' does not exist on type 'string'.
src/app/dashboard/purchases/page.tsx(2,26): error TS2305: Module '"@auth0/nextjs-auth0"' has no exported member 'getSession'.
src/app/dashboard/purchases/page.tsx(9,38): error TS2339: Property 'accessToken' does not exist on type 'string'.
src/app/layout.tsx(3,10): error TS2305: Module '"@auth0/nextjs-auth0/client"' has no exported member 'UserProvider'.
